// Jest Snapshot v1, https://goo.gl/fbAQLP

exports[`renders learn react link 1`] = `
.c0 {
  color: #61dafb;
}

<a
  class="c0"
  href="https://reactjs.org"
  rel="noopener noreferrer"
  target="_blank"
>
  Learn React
</a>
`;
